\BOOKMARK [1][-]{section.1}{\376\377\000I\000n\000t\000r\000o\000d\000u\000c\000t\000i\000o\000n}{}% 1
\BOOKMARK [1][-]{section.2}{\376\377\000B\000a\000c\000k\000g\000r\000o\000u\000n\000d\000\040\000a\000n\000d\000\040\000R\000e\000l\000a\000t\000e\000d\000\040\000W\000o\000r\000k}{}% 2
\BOOKMARK [1][-]{section.3}{\376\377\000F\000i\000n\000e\000-\000T\000u\000n\000i\000n\000g\000\040\000P\000r\000o\000t\000o\000c\000o\000l}{}% 3
\BOOKMARK [1][-]{section.4}{\376\377\000S\000c\000r\000e\000e\000n\000i\000n\000g\000\040\000f\000o\000r\000\040\000a\000\040\000C\000a\000p\000a\000b\000i\000l\000i\000t\000y\000\040\000W\000o\000r\000t\000h\000\040\000P\000r\000e\000s\000e\000r\000v\000i\000n\000g}{}% 4
\BOOKMARK [2][-]{subsection.4.1}{\376\377\000T\000h\000e\000\040\000S\000c\000r\000e\000e\000n}{section.4}% 5
\BOOKMARK [2][-]{subsection.4.2}{\376\377\000W\000h\000a\000t\000\040\000F\000i\000n\000e\000-\000T\000u\000n\000i\000n\000g\000\040\000D\000o\000e\000s\000\040\000t\000o\000\040\000t\000h\000e\000\040\000F\000i\000v\000e\000\040\000S\000u\000r\000v\000i\000v\000o\000r\000s}{section.4}% 6
\BOOKMARK [2][-]{subsection.4.3}{\376\377\000S\000a\000m\000p\000l\000e\000\040\000S\000i\000z\000e\000,\000\040\000a\000n\000d\000\040\000W\000h\000a\000t\000\040\000M\000i\000t\000i\000g\000a\000t\000i\000o\000n\000\040\000I\000s\000\040\000F\000o\000r}{section.4}% 7
\BOOKMARK [1][-]{section.5}{\376\377\000C\000r\000o\000s\000s\000-\000D\000o\000m\000a\000i\000n\000\040\000A\000n\000a\000l\000y\000s\000i\000s\000\040\000a\000n\000d\000\040\000D\000i\000s\000c\000u\000s\000s\000i\000o\000n}{}% 8
\BOOKMARK [2][-]{subsection.5.1}{\376\377\000H\000e\000l\000d\000-\000O\000u\000t\000\040\000S\000c\000o\000r\000i\000n\000g\000\040\000I\000s\000\040\000a\000\040\000P\000r\000e\000c\000o\000n\000d\000i\000t\000i\000o\000n\000,\000\040\000N\000o\000t\000\040\000a\000\040\000R\000e\000f\000i\000n\000e\000m\000e\000n\000t}{section.5}% 9
\BOOKMARK [2][-]{subsection.5.2}{\376\377\000W\000i\000t\000h\000i\000n\000\040\000M\000o\000i\000r\000a\000i\000,\000\040\000a\000n\000d\000\040\000o\000n\000\040\000T\000w\000o\000\040\000F\000u\000r\000t\000h\000e\000r\000\040\000B\000a\000c\000k\000b\000o\000n\000e\000s}{section.5}% 10
\BOOKMARK [2][-]{subsection.5.3}{\376\377\000N\000o\000\040\000C\000e\000l\000l\000\040\000M\000e\000e\000t\000s\000\040\000t\000h\000e\000\040\000D\000e\000g\000r\000a\000d\000a\000t\000i\000o\000n\000\040\000D\000e\000f\000i\000n\000i\000t\000i\000o\000n}{section.5}% 11
\BOOKMARK [2][-]{subsection.5.4}{\376\377\000A\000\040\000P\000r\000e\000-\000R\000e\000g\000i\000s\000t\000e\000r\000e\000d\000\040\000P\000r\000o\000s\000p\000e\000c\000t\000i\000v\000e\000\040\000T\000e\000s\000t\000\040\000W\000i\000t\000h\000\040\000N\000o\000\040\000P\000o\000s\000i\000t\000i\000v\000e\000\040\000I\000n\000s\000t\000a\000n\000c\000e}{section.5}% 12
\BOOKMARK [1][-]{section.6}{\376\377\000L\000i\000m\000i\000t\000a\000t\000i\000o\000n\000s\000\040\000a\000n\000d\000\040\000B\000r\000o\000a\000d\000e\000r\000\040\000I\000m\000p\000a\000c\000t}{}% 13
\BOOKMARK [1][-]{section.7}{\376\377\000C\000o\000n\000c\000l\000u\000s\000i\000o\000n}{}% 14
\BOOKMARK [1][-]{appendix.A}{\376\377\000E\000x\000t\000e\000n\000d\000e\000d\000\040\000L\000i\000m\000i\000t\000a\000t\000i\000o\000n\000s\000\040\000a\000n\000d\000\040\000F\000u\000t\000u\000r\000e\000\040\000W\000o\000r\000k}{}% 15
\BOOKMARK [1][-]{appendix.B}{\376\377\000u\000n\000i\0002\000t\000s\000\040\000P\000a\000c\000k\000e\000d\000S\000t\000d\000S\000c\000a\000l\000e\000r\000\040\000P\000a\000t\000c\000h\000\040\000D\000e\000t\000a\000i\000l\000s}{}% 16
\BOOKMARK [1][-]{appendix.C}{\376\377\000M\000o\000i\000r\000a\000i\000\040\000M\000e\000d\000i\000a\000n\000\040\000F\000o\000r\000e\000c\000a\000s\000t\000\040\000S\000e\000l\000e\000c\000t\000i\000o\000n}{}% 17
\BOOKMARK [1][-]{appendix.D}{\376\377\000E\000T\000T\000h\0002\000\040\000F\000o\000r\000e\000c\000a\000s\000t\000i\000n\000g\000\040\000D\000e\000t\000a\000i\000l\000s}{}% 18
\BOOKMARK [1][-]{appendix.E}{\376\377\000E\000T\000T\000h\0002\000\040\000D\000r\000i\000f\000t\000\040\000D\000i\000a\000g\000n\000o\000s\000i\000s\000\040\000a\000n\000d\000\040\000M\000i\000t\000i\000g\000a\000t\000i\000o\000n\000\040\000\050\000F\000u\000l\000l\000\040\000T\000a\000b\000l\000e\000s\000\051}{}% 19
\BOOKMARK [1][-]{appendix.F}{\376\377\000T\000h\000e\000\040\000S\000t\000r\000i\000c\000t\000-\000F\000r\000e\000e\000z\000e\000\040\000C\000o\000n\000t\000r\000o\000l}{}% 20
\BOOKMARK [1][-]{appendix.G}{\376\377\000L\000o\000R\000A\000\040\000R\000a\000n\000k\000\040\000a\000n\000d\000\040\000H\000y\000p\000e\000r\000p\000a\000r\000a\000m\000e\000t\000e\000r\000\040\000S\000e\000n\000s\000i\000t\000i\000v\000i\000t\000y}{}% 21
\BOOKMARK [1][-]{appendix.H}{\376\377\000C\000K\000A\000\040\000C\000a\000l\000i\000b\000r\000a\000t\000i\000o\000n\000:\000\040\000R\000a\000n\000d\000o\000m\000-\000I\000n\000i\000t\000i\000a\000l\000i\000s\000a\000t\000i\000o\000n\000\040\000B\000a\000s\000e\000l\000i\000n\000e}{}% 22
\BOOKMARK [1][-]{appendix.I}{\376\377\000L\000i\000n\000e\000a\000r\000\040\000P\000r\000o\000b\000i\000n\000g\000:\000\040\000F\000u\000n\000c\000t\000i\000o\000n\000a\000l\000\040\000R\000e\000p\000r\000e\000s\000e\000n\000t\000a\000t\000i\000o\000n\000\040\000D\000i\000a\000g\000n\000o\000s\000t\000i\000c}{}% 23
\BOOKMARK [2][-]{subsection.I.1}{\376\377\000n\000=\0005\000,\0000\0000\0000\000\040\000p\000e\000r\000-\000e\000p\000o\000c\000h\000\040\000t\000r\000a\000j\000e\000c\000t\000o\000r\000y\000\040\000a\000n\000a\000l\000y\000s\000i\000s}{appendix.I}% 24
\BOOKMARK [1][-]{appendix.J}{\376\377\000E\000T\000T\000h\0001\000\040\000S\000p\000e\000c\000t\000r\000a\000l\000\040\000P\000i\000l\000o\000t}{}% 25
\BOOKMARK [1][-]{appendix.K}{\376\377\000I\000o\000T\000\040\000N\000e\000g\000a\000t\000i\000v\000e\000-\000C\000o\000n\000t\000r\000o\000l\000\040\000D\000e\000t\000a\000i\000l\000s}{}% 26
\BOOKMARK [1][-]{appendix.L}{\376\377\000T\000a\000s\000k\000-\000O\000r\000t\000h\000o\000g\000o\000n\000a\000l\000\040\000P\000r\000o\000b\000e\000s}{}% 27
\BOOKMARK [1][-]{appendix.M}{\376\377\000P\000r\000o\000b\000e\000\040\000N\000o\000i\000s\000e\000-\000F\000l\000o\000o\000r\000\040\000A\000n\000a\000l\000y\000s\000i\000s}{}% 28
\BOOKMARK [1][-]{appendix.N}{\376\377\000R\000a\000n\000d\000o\000m\000-\000I\000n\000i\000t\000i\000a\000l\000i\000s\000a\000t\000i\000o\000n\000\040\000N\000e\000g\000a\000t\000i\000v\000e\000\040\000C\000o\000n\000t\000r\000o\000l}{}% 29
\BOOKMARK [1][-]{appendix.O}{\376\377\000L\000a\000y\000e\000r\000-\000W\000i\000s\000e\000\040\000U\000n\000f\000r\000e\000e\000z\000e\000\040\000L\000o\000c\000a\000l\000i\000z\000a\000t\000i\000o\000n}{}% 30
\BOOKMARK [1][-]{appendix.P}{\376\377\000C\000h\000r\000o\000n\000o\000s\000-\000T\0005\000-\000S\000m\000a\000l\000l\000\040\000o\000n\000\040\000M\0004\000-\000M\000o\000n\000t\000h\000l\000y\000:\000\040\000F\000u\000l\000l\000\040\000D\000i\000a\000g\000n\000o\000s\000t\000i\000c\000\040\000R\000e\000s\000u\000l\000t\000s}{}% 31
\BOOKMARK [1][-]{appendix.Q}{\376\377\000T\000h\000e\000\040\000G\000a\000t\000e\000'\000s\000\040\000L\000i\000n\000e\000a\000r\000\040\000B\000a\000s\000e\000l\000i\000n\000e\000\040\000W\000a\000s\000\040\000M\000e\000a\000s\000u\000r\000e\000d\000\040\000W\000r\000o\000n\000g\000l\000y\000:\000\040\000A\000\040\000C\000o\000r\000r\000e\000c\000t\000i\000o\000n}{}% 32
\BOOKMARK [1][-]{appendix.R}{\376\377\000S\000i\000x\000\040\000D\000e\000n\000o\000m\000i\000n\000a\000t\000o\000r\000s\000,\000\040\000O\000n\000e\000\040\000N\000u\000m\000e\000r\000a\000t\000o\000r\000:\000\040\000I\000s\000\040\000t\000h\000e\000\040\000S\000c\000r\000e\000e\000n\000\040\000a\000\040\000P\000r\000o\000p\000e\000r\000t\000y\000\040\000o\000f\000\040\000t\000h\000e\000\040\000E\000s\000t\000i\000m\000a\000t\000o\000r\000?}{}% 33
\BOOKMARK [1][-]{appendix.S}{\376\377\000I\000s\000\040\000t\000h\000e\000\040\000Z\000e\000r\000o\000\040\000a\000\040\000P\000r\000o\000p\000e\000r\000t\000y\000\040\000o\000f\000\040\000t\000h\000e\000\040\000R\000u\000n\000s\000\040\000o\000r\000\040\000o\000f\000\040\000t\000h\000e\000\040\000D\000e\000f\000i\000n\000i\000t\000i\000o\000n\000?}{}% 34
\BOOKMARK [1][-]{appendix.T}{\376\377\000C\000r\000o\000s\000s\000-\000C\000e\000l\000l\000\040\000S\000t\000a\000t\000i\000s\000t\000i\000c\000s\000,\000\040\000a\000n\000d\000\040\000a\000\040\000P\000o\000o\000l\000e\000d\000\040\000A\000n\000a\000l\000y\000s\000i\000s\000\040\000W\000e\000\040\000D\000o\000\040\000N\000o\000t\000\040\000L\000i\000c\000e\000n\000s\000e}{}% 35
\BOOKMARK [1][-]{appendix.U}{\376\377\000I\000s\000\040\000t\000h\000e\000\040\000R\000e\000a\000d\000i\000n\000g\000\040\000S\000p\000e\000c\000i\000f\000i\000c\000\040\000t\000o\000\040\000C\000K\000A\000?\000\040\000S\000i\000x\000\040\000M\000e\000a\000s\000u\000r\000e\000s\000\040\000o\000n\000\040\0005\0009\000\040\000E\000n\000c\000o\000d\000e\000r\000s}{}% 36
\BOOKMARK [1][-]{appendix.V}{\376\377\000W\000h\000a\000t\000\040\000P\000r\000e\000d\000i\000c\000t\000s\000\040\000t\000h\000e\000\040\000I\000n\000t\000e\000r\000v\000e\000n\000t\000i\000o\000n\000,\000\040\000a\000n\000d\000\040\000W\000h\000y\000\040\000N\000o\000n\000e\000\040\000o\000f\000\040\000I\000t\000\040\000I\000s\000\040\000a\000\040\000S\000h\000o\000r\000t\000c\000u\000t}{}% 37
\BOOKMARK [1][-]{appendix.W}{\376\377\000C\000e\000l\000l\000s\000\040\000A\000r\000e\000\040\000N\000o\000t\000\040\000I\000n\000d\000e\000p\000e\000n\000d\000e\000n\000t\000:\000\040\000C\000l\000u\000s\000t\000e\000r\000e\000d\000\040\000I\000n\000t\000e\000r\000v\000a\000l\000s\000\040\000f\000o\000r\000\040\000E\000v\000e\000r\000y\000\040\000C\000r\000o\000s\000s\000-\000C\000e\000l\000l\000\040\000S\000t\000a\000t\000i\000s\000t\000i\000c}{}% 38
\BOOKMARK [1][-]{appendix.X}{\376\377\000I\000L\000I\000:\000\040\000G\000a\000t\000e\000\040\000C\000h\000e\000c\000k\000\040\000a\000n\000d\000\040\000W\000i\000t\000h\000d\000r\000a\000w\000n\000\040\000F\000r\000o\000z\000e\000n\000\040\000C\000o\000n\000t\000r\000o\000l}{}% 39
\BOOKMARK [1][-]{appendix.Y}{\376\377\000R\000e\000t\000r\000a\000c\000t\000i\000o\000n\000:\000\040\000T\000h\000e\000\040\000P\000r\000o\000b\000e\000-\000S\000i\000g\000n\000\040\000A\000s\000y\000m\000m\000e\000t\000r\000y\000\040\000A\000x\000i\000s}{}% 40
