\BOOKMARK [1][-]{section.1}{\376\377\000I\000n\000t\000r\000o\000d\000u\000c\000t\000i\000o\000n}{}% 1
\BOOKMARK [1][-]{section.2}{\376\377\000R\000e\000l\000a\000t\000e\000d\000\040\000W\000o\000r\000k}{}% 2
\BOOKMARK [1][-]{section.3}{\376\377\000P\000r\000o\000b\000l\000e\000m\000\040\000F\000o\000r\000m\000u\000l\000a\000t\000i\000o\000n}{}% 3
\BOOKMARK [1][-]{section.4}{\376\377\000H\000N\000I\000D\000S\000:\000\040\000M\000e\000t\000h\000o\000d\000o\000l\000o\000g\000y}{}% 4
\BOOKMARK [2][-]{subsection.4.1}{\376\377\000S\000t\000a\000g\000e\000\040\0001\000:\000\040\000P\000r\000o\000t\000o\000c\000o\000l\000-\000C\000o\000n\000s\000t\000r\000a\000i\000n\000e\000d\000\040\000H\000a\000r\000d\000-\000N\000e\000g\000a\000t\000i\000v\000e\000\040\000G\000e\000n\000e\000r\000a\000t\000i\000o\000n}{section.4}% 5
\BOOKMARK [2][-]{subsection.4.2}{\376\377\000S\000t\000a\000g\000e\000\040\0002\000:\000\040\000M\000o\000i\000r\000a\000i\000\040\000F\000i\000n\000e\000-\000T\000u\000n\000i\000n\000g\000\040\000w\000i\000t\000h\000\040\000S\000u\000p\000e\000r\000v\000i\000s\000e\000d\000\040\000C\000o\000n\000t\000r\000a\000s\000t\000i\000v\000e\000\040\000L\000o\000s\000s}{section.4}% 6
\BOOKMARK [1][-]{section.5}{\376\377\000E\000x\000p\000e\000r\000i\000m\000e\000n\000t\000s}{}% 7
\BOOKMARK [2][-]{subsection.5.1}{\376\377\000E\000x\000p\000e\000r\000i\000m\000e\000n\000t\000a\000l\000\040\000S\000e\000t\000u\000p}{section.5}% 8
\BOOKMARK [2][-]{subsection.5.2}{\376\377\000M\000a\000i\000n\000\040\000R\000e\000s\000u\000l\000t\000s}{section.5}% 9
\BOOKMARK [2][-]{subsection.5.3}{\376\377\000A\000b\000l\000a\000t\000i\000o\000n\000\040\000S\000t\000u\000d\000y}{section.5}% 10
\BOOKMARK [2][-]{subsection.5.4}{\376\377\000G\000e\000n\000e\000r\000a\000l\000i\000z\000a\000t\000i\000o\000n\000\040\000t\000o\000\040\000U\000n\000s\000e\000e\000n\000\040\000A\000t\000t\000a\000c\000k\000\040\000P\000a\000t\000t\000e\000r\000n\000s}{section.5}% 11
\BOOKMARK [2][-]{subsection.5.5}{\376\377\000S\000c\000a\000l\000i\000n\000g\000\040\000E\000x\000p\000e\000r\000i\000m\000e\000n\000t}{section.5}% 12
\BOOKMARK [2][-]{subsection.5.6}{\376\377\000E\000x\000t\000e\000r\000n\000a\000l\000\040\000V\000a\000l\000i\000d\000a\000t\000i\000o\000n\000\040\000o\000n\000\040\000N\000-\000B\000a\000I\000o\000T}{section.5}% 13
\BOOKMARK [1][-]{section.6}{\376\377\000A\000n\000a\000l\000y\000s\000i\000s\000\040\000a\000n\000d\000\040\000D\000i\000s\000c\000u\000s\000s\000i\000o\000n}{}% 14
\BOOKMARK [1][-]{section.7}{\376\377\000C\000o\000n\000c\000l\000u\000s\000i\000o\000n}{}% 15
\BOOKMARK [1][-]{appendix.A}{\376\377\000C\000I\000C\000I\000o\000T\0002\0000\0002\0003\000\040\000F\000e\000a\000t\000u\000r\000e\000\040\000S\000e\000t}{}% 16
\BOOKMARK [1][-]{appendix.B}{\376\377\000P\000r\000o\000t\000o\000c\000o\000l\000\040\000C\000o\000n\000s\000t\000r\000a\000i\000n\000t\000\040\000C\000o\000m\000p\000l\000i\000a\000n\000c\000e}{}% 17
\BOOKMARK [1][-]{appendix.C}{\376\377\000F\000u\000l\000l\000\040\000L\000i\000m\000i\000t\000a\000t\000i\000o\000n\000s\000\040\000a\000n\000d\000\040\000F\000u\000t\000u\000r\000e\000\040\000W\000o\000r\000k}{}% 18
\BOOKMARK [1][-]{appendix.D}{\376\377\000N\000-\000B\000a\000I\000o\000T\000\040\000F\000e\000a\000t\000u\000r\000e\000\040\000M\000a\000p\000p\000i\000n\000g}{}% 19
\BOOKMARK [1][-]{appendix.E}{\376\377\000N\000-\000B\000a\000I\000o\000T\000\040\000P\000e\000r\000-\000A\000t\000t\000a\000c\000k\000\040\000R\000e\000s\000u\000l\000t\000s}{}% 20
\BOOKMARK [1][-]{appendix.F}{\376\377\000H\000y\000p\000e\000r\000p\000a\000r\000a\000m\000e\000t\000e\000r\000\040\000S\000e\000n\000s\000i\000t\000i\000v\000i\000t\000y\000\040\000a\000n\000d\000\040\000S\000u\000p\000p\000l\000e\000m\000e\000n\000t\000a\000r\000y\000\040\000F\000i\000g\000u\000r\000e\000s}{}% 21
\BOOKMARK [1][-]{appendix.G}{\376\377\000E\000x\000t\000e\000n\000d\000e\000d\000\040\000E\000x\000p\000e\000r\000i\000m\000e\000n\000t\000a\000l\000\040\000D\000e\000t\000a\000i\000l\000s}{}% 22
\BOOKMARK [2][-]{subsection.G.1}{\376\377\000T\000h\000r\000e\000s\000h\000o\000l\000d\000\040\000C\000a\000l\000i\000b\000r\000a\000t\000i\000o\000n\000\040\000P\000r\000o\000t\000o\000c\000o\000l}{appendix.G}% 23
\BOOKMARK [2][-]{subsection.G.2}{\376\377\000B\000a\000s\000e\000l\000i\000n\000e\000\040\000T\000u\000n\000i\000n\000g\000\040\000P\000r\000o\000t\000o\000c\000o\000l}{appendix.G}% 24
\BOOKMARK [2][-]{subsection.G.3}{\376\377\000S\000u\000p\000e\000r\000v\000i\000s\000i\000o\000n\000\040\000D\000i\000s\000c\000u\000s\000s\000i\000o\000n}{appendix.G}% 25
\BOOKMARK [1][-]{appendix.H}{\376\377\000E\000x\000t\000e\000n\000d\000e\000d\000\040\000A\000b\000l\000a\000t\000i\000o\000n\000\040\000A\000n\000a\000l\000y\000s\000i\000s}{}% 26
\BOOKMARK [2][-]{subsection.H.1}{\376\377\000D\000i\000s\000e\000n\000t\000a\000n\000g\000l\000i\000n\000g\000\040\000N\000e\000g\000a\000t\000i\000v\000e\000\040\000T\000y\000p\000e\000\040\000f\000r\000o\000m\000\040\000D\000a\000t\000a\000s\000e\000t\000\040\000I\000m\000b\000a\000l\000a\000n\000c\000e}{appendix.H}% 27
\BOOKMARK [2][-]{subsection.H.2}{\376\377\000C\000N\000N\000\040\000O\000u\000t\000p\000e\000r\000f\000o\000r\000m\000s\000\040\000M\000o\000i\000r\000a\000i\000\040\000a\000t\000\040\000S\000m\000a\000l\000l\000\040\000S\000c\000a\000l\000e}{appendix.H}% 28
\BOOKMARK [2][-]{subsection.H.3}{\376\377\000C\000o\000n\000s\000t\000r\000a\000i\000n\000t\000-\000V\000a\000l\000i\000d\000a\000t\000o\000r\000\040\000C\000o\000n\000t\000r\000i\000b\000u\000t\000i\000o\000n\000\040\000\050\000E\000,\000\040\000E\000'\000,\000\040\000E\000'\000'\000\051}{appendix.H}% 29
\BOOKMARK [2][-]{subsection.H.4}{\376\377\000E\000m\000b\000e\000d\000d\000i\000n\000g\000\040\000V\000i\000s\000u\000a\000l\000i\000z\000a\000t\000i\000o\000n}{appendix.H}% 30
\BOOKMARK [1][-]{appendix.I}{\376\377\000S\000t\000a\000t\000i\000s\000t\000i\000c\000a\000l\000\040\000S\000i\000g\000n\000i\000f\000i\000c\000a\000n\000c\000e\000\040\000A\000n\000a\000l\000y\000s\000i\000s}{}% 31
\BOOKMARK [1][-]{appendix.J}{\376\377\000E\000x\000t\000e\000n\000d\000e\000d\000\040\000S\000c\000a\000l\000i\000n\000g\000\040\000A\000n\000a\000l\000y\000s\000i\000s}{}% 32
\BOOKMARK [2][-]{subsection.J.1}{\376\377\000N\000L\000L\000-\000O\000n\000l\000y\000\040\000E\000a\000r\000l\000y\000\040\000S\000t\000o\000p\000p\000i\000n\000g}{appendix.J}% 33
\BOOKMARK [2][-]{subsection.J.2}{\376\377\000B\000e\000s\000t\000-\000E\000p\000o\000c\000h\000\040\000A\000n\000a\000l\000y\000s\000i\000s}{appendix.J}% 34
\BOOKMARK [2][-]{subsection.J.3}{\376\377\000F\000r\000e\000e\000z\000i\000n\000g\000:\000\040\000M\000i\000t\000i\000g\000a\000t\000i\000o\000n\000\040\000D\000e\000t\000a\000i\000l\000s}{appendix.J}% 35
\BOOKMARK [2][-]{subsection.J.4}{\376\377\000P\000a\000r\000t\000i\000a\000l\000\040\000F\000r\000e\000e\000z\000i\000n\000g}{appendix.J}% 36
\BOOKMARK [1][-]{appendix.K}{\376\377\000E\000x\000t\000e\000n\000d\000e\000d\000\040\000D\000i\000s\000c\000u\000s\000s\000i\000o\000n}{}% 37
\BOOKMARK [2][-]{subsection.K.1}{\376\377\000W\000h\000y\000\040\000D\000o\000e\000s\000\040\000B\000a\000s\000e\000\040\000M\000o\000i\000r\000a\000i\000\040\000U\000n\000d\000e\000r\000p\000e\000r\000f\000o\000r\000m\000?}{appendix.K}% 38
\BOOKMARK [2][-]{subsection.K.2}{\376\377\000G\000a\000u\000s\000s\000i\000a\000n\000-\000N\000o\000i\000s\000e\000\040\000v\000s\000\040\000H\000a\000r\000d\000-\000N\000e\000g\000a\000t\000i\000v\000e\000\040\000M\000e\000c\000h\000a\000n\000i\000s\000m}{appendix.K}% 39
\BOOKMARK [2][-]{subsection.K.3}{\376\377\000C\000a\000t\000a\000s\000t\000r\000o\000p\000h\000i\000c\000\040\000F\000o\000r\000g\000e\000t\000t\000i\000n\000g\000\040\000M\000e\000c\000h\000a\000n\000i\000s\000m}{appendix.K}% 40
\BOOKMARK [2][-]{subsection.K.4}{\376\377\000C\000N\000N\000\040\000B\000a\000s\000e\000l\000i\000n\000e\000:\000\040\000D\000e\000t\000a\000i\000l\000e\000d\000\040\000A\000n\000a\000l\000y\000s\000i\000s}{appendix.K}% 41
\BOOKMARK [2][-]{subsection.K.5}{\376\377\000S\000u\000p\000C\000o\000n\000\040\000G\000r\000a\000d\000i\000e\000n\000t\000\040\000F\000l\000o\000w\000\040\000A\000n\000a\000l\000y\000s\000i\000s}{appendix.K}% 42
\BOOKMARK [2][-]{subsection.K.6}{\376\377\000A\000l\000t\000e\000r\000n\000a\000t\000i\000v\000e\000\040\000C\000o\000n\000t\000r\000a\000s\000t\000i\000v\000e\000\040\000F\000r\000a\000m\000e\000w\000o\000r\000k\000s}{appendix.K}% 43
\BOOKMARK [2][-]{subsection.K.7}{\376\377\000E\000n\000s\000e\000m\000b\000l\000e\000\040\000D\000e\000g\000r\000a\000d\000a\000t\000i\000o\000n\000\040\000w\000i\000t\000h\000\040\000S\000t\000e\000a\000l\000t\000h\000\040\000L\000e\000v\000e\000l}{appendix.K}% 44
\BOOKMARK [2][-]{subsection.K.8}{\376\377\000P\000r\000o\000t\000o\000c\000o\000l\000-\000C\000o\000n\000s\000t\000r\000a\000i\000n\000e\000d\000\040\000G\000e\000n\000e\000r\000a\000t\000i\000o\000n\000\040\000A\000l\000g\000o\000r\000i\000t\000h\000m}{appendix.K}% 45
\BOOKMARK [1][-]{appendix.L}{\376\377\000L\000e\000a\000v\000e\000-\000O\000n\000e\000-\000O\000u\000t\000\040\000G\000e\000n\000e\000r\000a\000l\000i\000z\000a\000t\000i\000o\000n\000\040\000D\000e\000t\000a\000i\000l\000s}{}% 46
\BOOKMARK [1][-]{appendix.M}{\376\377\000E\000x\000t\000e\000n\000d\000e\000d\000\040\000N\000-\000B\000a\000I\000o\000T\000\040\000A\000n\000a\000l\000y\000s\000i\000s}{}% 47
\BOOKMARK [2][-]{subsection.M.1}{\376\377\000Z\000e\000r\000o\000-\000S\000h\000o\000t\000\040\000F\000a\000i\000l\000u\000r\000e\000\040\000A\000n\000a\000l\000y\000s\000i\000s}{appendix.M}% 48
\BOOKMARK [2][-]{subsection.M.2}{\376\377\000P\000r\000e\000p\000r\000o\000c\000e\000s\000s\000i\000n\000g\000\040\000D\000e\000t\000a\000i\000l\000s}{appendix.M}% 49
\BOOKMARK [2][-]{subsection.M.3}{\376\377\000R\000e\000c\000i\000p\000e\000\040\000G\000e\000n\000e\000r\000a\000l\000i\000s\000a\000t\000i\000o\000n\000\040\000I\000n\000t\000e\000r\000p\000r\000e\000t\000a\000t\000i\000o\000n}{appendix.M}% 50
